border_size=1
usage=map

Qxu         , Qxu         , Qxu         , Qxu         , Qxu         , Qxu         , Qxu         , Qxu         , Qxu         , Qxu         , Qxu         , Qxu         , Qxu         , Qxu         , Qxu         , Qxu         
Qxu         , Qxu         , Qxu         , Qxu         , Ds          , Qxu         , Qxu         , Qxu         , Qxu         , Qxu         , Qxu         , Qxu         , Qxu         , Qxu         , 2 Qxu       , Qxu         
Qxu         , Qxu         , Hh          , Mm          , Gg          , Uu          , Ds          , Qxu         , Qxu         , Qxu         , Qxu         , Qxu         , Hh          , Qxu         , Qxu         , Qxu         
Qxu         , Qxu         , Mm          , Hh          , Mm          , Ds          , Ds          , Ds          , Uu          , Qxu         , Uu          , Uu          , Gg          , Hh          , Qxu         , Qxu         
Qxu         , Qxu         , Ds          , Gg          , Ds          , Gg          , Hh          , Ds          , Ds          , Uu          , Ds          , Ds          , Ds          , Qxu         , Qxu         , Qxu         
Qxu         , Qxu         , Qxu         , Qxu         , Uu          , Ds          , Ds          , Gg          , Gg          , Ds          , Ds          , Uu          , Qxu         , Qxu         , Qxu         , Qxu         
Qxu         , Qxu         , Qxu         , Ds          , Ds          , Ds          , Uu          , Ds          , Ds          , Hh          , Gg          , Ds          , Gg          , Ds          , Qxu         , Qxu         
Qxu         , Qxu         , Hh          , Gg          , Uu          , Uu          , Qxu         , Uu          , Ds          , Ds          , Ds          , Mm          , Hh          , Mm          , Qxu         , Qxu         
Qxu         , Qxu         , Qxu         , Hh          , Qxu         , Qxu         , Qxu         , Qxu         , Qxu         , Ds          , Uu          , Gg          , Mm          , Hh          , Qxu         , Qxu         
Qxu         , 1 Qxu       , Qxu         , Qxu         , Qxu         , Qxu         , Qxu         , Qxu         , Qxu         , Qxu         , Qxu         , Ds          , Qxu         , Qxu         , Qxu         , Qxu         
Qxu         , Qxu         , Qxu         , Qxu         , Qxu         , Qxu         , Qxu         , Qxu         , Qxu         , Qxu         , Qxu         , Qxu         , Qxu         , Qxu         , Qxu         , Qxu         
Qxu         , Qxu         , Qxu         , Qxu         , Qxu         , Qxu         , Qxu         , Qxu         , Qxu         , Qxu         , Qxu         , Qxu         , Qxu         , Qxu         , Qxu         , Qxu         
